Error: 16 errors occurred:
	* rule `dirty_pipe_attempt` definition error: rule compilation error: field `splice.pipe_entry_flag` not found
	* rule `dirty_pipe_exploitation` definition error: rule compilation error: field `splice.pipe_exit_flag` not found
	* rule `interactive_shell_in_container` definition error: rule compilation error: field `exec.args_flags` not found
	* rule `ip_check_domain` definition error: rule compilation error: field `dns.question.name` not found
	* rule `kernel_module_load` definition error: rule compilation error: field `load_module.name` not found
	* rule `kernel_module_load_container` definition error: rule compilation error: field `load_module.name` not found
	* rule `kernel_module_load_from_memory` definition error: rule compilation error: field `load_module.loaded_from_memory` not found
	* rule `kernel_module_load_from_memory_container` definition error: rule compilation error: field `load_module.loaded_from_memory` not found
	* rule `new_binary_execution_in_container` definition error: syntax error: 1:89: unexpected token "s"
	* rule `omigod` definition error: syntax error: 1:11: unexpected token "=" (expected "!" | "not" | "-" | "^" | <ident> | <int> | <string> | <pattern> | "(")
	* rule `paste_site` definition error: rule compilation error: field `dns.question.name` not found
	* rule `potential_cryptominer` definition error: rule compilation error: field `dns.question.name` not found
	* rule `ptrace_antidebug` definition error: rule compilation error: field `ptrace.request` not found
	* rule `ptrace_injection` definition error: rule compilation error: field `ptrace.request` not found
	* rule `python_cli_code` definition error: rule compilation error: field `exec.args_flags` not found
	* rule `selinux_disable_enforcement` definition error: rule compilation error: field `selinux.enforce.status` not found